Archive member included to satisfy reference by file (symbol)

c:/program files (x86)/atmel/studio/7.0/toolchain/avr8/avr8-gnu-toolchain/bin/../lib/gcc/avr/5.4.0/avr5\libgcc.a(_divmodsi4.o)
                              HAL/CLCD/CLCD_program.o (__divmodsi4)
c:/program files (x86)/atmel/studio/7.0/toolchain/avr8/avr8-gnu-toolchain/bin/../lib/gcc/avr/5.4.0/avr5\libgcc.a(_negsi2.o)
                              c:/program files (x86)/atmel/studio/7.0/toolchain/avr8/avr8-gnu-toolchain/bin/../lib/gcc/avr/5.4.0/avr5\libgcc.a(_divmodsi4.o) (__negsi2)
c:/program files (x86)/atmel/studio/7.0/toolchain/avr8/avr8-gnu-toolchain/bin/../lib/gcc/avr/5.4.0/avr5\libgcc.a(_exit.o)
                              C:/Program Files (x86)/Atmel/Studio/7.0/Packs/atmel/ATmega_DFP/1.6.364/gcc/dev/atmega32/avr5/crtatmega32.o (exit)
c:/program files (x86)/atmel/studio/7.0/toolchain/avr8/avr8-gnu-toolchain/bin/../lib/gcc/avr/5.4.0/avr5\libgcc.a(_copy_data.o)
                              APP/main.o (__do_copy_data)
c:/program files (x86)/atmel/studio/7.0/toolchain/avr8/avr8-gnu-toolchain/bin/../lib/gcc/avr/5.4.0/avr5\libgcc.a(_clear_bss.o)
                              APP/main.o (__do_clear_bss)
c:/program files (x86)/atmel/studio/7.0/toolchain/avr8/avr8-gnu-toolchain/bin/../lib/gcc/avr/5.4.0/avr5\libgcc.a(_udivmodsi4.o)
                              c:/program files (x86)/atmel/studio/7.0/toolchain/avr8/avr8-gnu-toolchain/bin/../lib/gcc/avr/5.4.0/avr5\libgcc.a(_divmodsi4.o) (__udivmodsi4)

Allocating common symbols
Common symbol       size              file

G_u16CtcCountsCompA
                    0x2               MCAL/TIMER1/TIMER1_program.o
G_u16CtcCounts      0x2               MCAL/TIMER0/TIMER0_program.o
G_u16CtcCountsCompB
                    0x2               MCAL/TIMER1/TIMER1_program.o
G_u16OvfCountsTimer1
                    0x2               MCAL/TIMER1/TIMER1_program.o
keyPressed          0x1               APP/main.o
G_u16OvfCounts      0x2               MCAL/TIMER0/TIMER0_program.o

Discarded input sections

 .data          0x00000000        0x0 C:/Program Files (x86)/Atmel/Studio/7.0/Packs/atmel/ATmega_DFP/1.6.364/gcc/dev/atmega32/avr5/crtatmega32.o
 .bss           0x00000000        0x0 C:/Program Files (x86)/Atmel/Studio/7.0/Packs/atmel/ATmega_DFP/1.6.364/gcc/dev/atmega32/avr5/crtatmega32.o
 .text          0x00000000        0x0 APP/main.o
 .data          0x00000000        0x0 APP/main.o
 .bss           0x00000000        0x0 APP/main.o
 .text          0x00000000        0x0 HAL/CLCD/CLCD_program.o
 .data          0x00000000        0x0 HAL/CLCD/CLCD_program.o
 .bss           0x00000000        0x0 HAL/CLCD/CLCD_program.o
 .text.CLCD_Custom_Char
                0x00000000       0x3e HAL/CLCD/CLCD_program.o
 .text.CLCD_voidCursorShift
                0x00000000       0x30 HAL/CLCD/CLCD_program.o
 .text.CLCD_voidSendNumPosition
                0x00000000       0x26 HAL/CLCD/CLCD_program.o
 .text          0x00000000        0x0 HAL/DC/DC_program.o
 .data          0x00000000        0x0 HAL/DC/DC_program.o
 .bss           0x00000000        0x0 HAL/DC/DC_program.o
 .text.DC_voidRotateCW
                0x00000000       0x16 HAL/DC/DC_program.o
 .text.DC_voidRotateACW
                0x00000000       0x16 HAL/DC/DC_program.o
 .text.DC_voidStop
                0x00000000       0x16 HAL/DC/DC_program.o
 .debug_info    0x00000000      0x177 HAL/DC/DC_program.o
 .debug_abbrev  0x00000000       0x71 HAL/DC/DC_program.o
 .debug_aranges
                0x00000000       0x30 HAL/DC/DC_program.o
 .debug_ranges  0x00000000       0x20 HAL/DC/DC_program.o
 .debug_line    0x00000000       0xb4 HAL/DC/DC_program.o
 .debug_str     0x00000000      0x1d1 HAL/DC/DC_program.o
 .comment       0x00000000       0x31 HAL/DC/DC_program.o
 .debug_frame   0x00000000       0x44 HAL/DC/DC_program.o
 .text          0x00000000        0x0 HAL/EEPROM/EEPROM_program.o
 .data          0x00000000        0x0 HAL/EEPROM/EEPROM_program.o
 .bss           0x00000000        0x0 HAL/EEPROM/EEPROM_program.o
 .text          0x00000000        0x0 HAL/KPD/KPD_program.o
 .data          0x00000000        0x0 HAL/KPD/KPD_program.o
 .bss           0x00000000        0x0 HAL/KPD/KPD_program.o
 .text          0x00000000        0x0 MCAL/ADC/ADC_program.o
 .data          0x00000000        0x0 MCAL/ADC/ADC_program.o
 .bss           0x00000000        0x0 MCAL/ADC/ADC_program.o
 .text.ADC_u16ReadChannel
                0x00000000       0x26 MCAL/ADC/ADC_program.o
 .text          0x00000000        0x0 MCAL/DIO/DIO_program.o
 .data          0x00000000        0x0 MCAL/DIO/DIO_program.o
 .bss           0x00000000        0x0 MCAL/DIO/DIO_program.o
 .text.DIO_u8SetPinDirection
                0x00000000      0x114 MCAL/DIO/DIO_program.o
 .text.DIO_u8SetPortDirection
                0x00000000       0x32 MCAL/DIO/DIO_program.o
 .text.DIO_u8GetPortValue
                0x00000000       0x4c MCAL/DIO/DIO_program.o
 .text          0x00000000        0x0 MCAL/EXTI0/EXTI0_program.o
 .data          0x00000000        0x0 MCAL/EXTI0/EXTI0_program.o
 .bss           0x00000000        0x0 MCAL/EXTI0/EXTI0_program.o
 .text.EXTI0_voidInit
                0x00000000       0x14 MCAL/EXTI0/EXTI0_program.o
 .text.EXTI0_voidEnable
                0x00000000        0x8 MCAL/EXTI0/EXTI0_program.o
 .text.EXTI0_voidDisable
                0x00000000        0x8 MCAL/EXTI0/EXTI0_program.o
 .text.EXTI0_voidSetSenseControl
                0x00000000       0x4e MCAL/EXTI0/EXTI0_program.o
 .text.EXTI0_voidSetCallBack
                0x00000000        0xa MCAL/EXTI0/EXTI0_program.o
 .text          0x00000000        0x0 MCAL/GIE/GIE_program.o
 .data          0x00000000        0x0 MCAL/GIE/GIE_program.o
 .bss           0x00000000        0x0 MCAL/GIE/GIE_program.o
 .text.GIE_voidEnable
                0x00000000        0x8 MCAL/GIE/GIE_program.o
 .text.GIE_voidDisable
                0x00000000        0x8 MCAL/GIE/GIE_program.o
 .debug_info    0x00000000       0xad MCAL/GIE/GIE_program.o
 .debug_abbrev  0x00000000       0x46 MCAL/GIE/GIE_program.o
 .debug_aranges
                0x00000000       0x28 MCAL/GIE/GIE_program.o
 .debug_ranges  0x00000000       0x18 MCAL/GIE/GIE_program.o
 .debug_line    0x00000000       0x88 MCAL/GIE/GIE_program.o
 .debug_str     0x00000000      0x1b4 MCAL/GIE/GIE_program.o
 .comment       0x00000000       0x31 MCAL/GIE/GIE_program.o
 .debug_frame   0x00000000       0x34 MCAL/GIE/GIE_program.o
 .text          0x00000000        0x0 MCAL/SPI/SPI_program.o
 .data          0x00000000        0x0 MCAL/SPI/SPI_program.o
 .bss           0x00000000        0x0 MCAL/SPI/SPI_program.o
 .text          0x00000000        0x0 MCAL/TIMER0/TIMER0_program.o
 .data          0x00000000        0x0 MCAL/TIMER0/TIMER0_program.o
 .bss           0x00000000        0x0 MCAL/TIMER0/TIMER0_program.o
 .text.TIMER0_voidInit
                0x00000000       0x1a MCAL/TIMER0/TIMER0_program.o
 .text.TIMER0_voidOVSetIntervalSynchronous
                0x00000000       0x20 MCAL/TIMER0/TIMER0_program.o
 .text.TIMER0_voidOVSetIntervalSynchronousMS
                0x00000000       0x34 MCAL/TIMER0/TIMER0_program.o
 .text.TIMER0_voidOVSetIntervalASynchronous
                0x00000000       0x18 MCAL/TIMER0/TIMER0_program.o
 .text.TIMER0_voidOVSetIntervalASynchronousMS
                0x00000000       0x2e MCAL/TIMER0/TIMER0_program.o
 .text.TIMER0_voidCTCSetIntervalASynchronous
                0x00000000       0x18 MCAL/TIMER0/TIMER0_program.o
 .text.TIMER0_voidCTCSetIntervalASynchronousMS
                0x00000000       0x2e MCAL/TIMER0/TIMER0_program.o
 .text.TIMER0_voidSetCompareValue
                0x00000000        0x4 MCAL/TIMER0/TIMER0_program.o
 .text.TIMER0_voidSetPreloadValue
                0x00000000        0x4 MCAL/TIMER0/TIMER0_program.o
 .text.TIMER0_voidStart
                0x00000000        0xe MCAL/TIMER0/TIMER0_program.o
 .text.TIMER0_voidStop
                0x00000000       0x14 MCAL/TIMER0/TIMER0_program.o
 .text.TIMER0_voidCallBack_OVF
                0x00000000        0xa MCAL/TIMER0/TIMER0_program.o
 .text.TIMER0_voidCallBack_CTC
                0x00000000        0xa MCAL/TIMER0/TIMER0_program.o
 .text          0x00000000        0x0 MCAL/TIMER1/TIMER1_program.o
 .data          0x00000000        0x0 MCAL/TIMER1/TIMER1_program.o
 .bss           0x00000000        0x0 MCAL/TIMER1/TIMER1_program.o
 .text.TIMER1_voidInit
                0x00000000       0x32 MCAL/TIMER1/TIMER1_program.o
 .text.TIMER1_voidOVSetIntervalSynchronous
                0x00000000       0x20 MCAL/TIMER1/TIMER1_program.o
 .text.TIMER1_voidOVSetIntervalASynchronous
                0x00000000       0x18 MCAL/TIMER1/TIMER1_program.o
 .text.TIMER1_voidOVSetIntervalASynchronousMS
                0x00000000       0x18 MCAL/TIMER1/TIMER1_program.o
 .text.TIMER1_voidCTCSetIntervalASynchronousCompA
                0x00000000       0x18 MCAL/TIMER1/TIMER1_program.o
 .text.TIMER1_voidCTCSetIntervalASynchronousMsCompA
                0x00000000       0x18 MCAL/TIMER1/TIMER1_program.o
 .text.TIMER1_voidCTCSetIntervalASynchronousMsCompB
                0x00000000       0x18 MCAL/TIMER1/TIMER1_program.o
 .text.TIMER1_voidSetPreloadValue
                0x00000000        0x6 MCAL/TIMER1/TIMER1_program.o
 .text.TIMER1_voidSetOCR1A
                0x00000000        0x6 MCAL/TIMER1/TIMER1_program.o
 .text.TIMER1_voidSetOCR1B
                0x00000000        0x6 MCAL/TIMER1/TIMER1_program.o
 .text.TIMER1_voidSetICR
                0x00000000        0x6 MCAL/TIMER1/TIMER1_program.o
 .text.TIMER1_voidStart
                0x00000000        0xe MCAL/TIMER1/TIMER1_program.o
 .text.TIMER1_voidStop
                0x00000000       0x14 MCAL/TIMER1/TIMER1_program.o
 .text          0x00000000        0x0 MCAL/TWI/TWI_program.o
 .data          0x00000000        0x0 MCAL/TWI/TWI_program.o
 .bss           0x00000000        0x0 MCAL/TWI/TWI_program.o
 .text.TWI_voidSlaveInit
                0x00000000        0x6 MCAL/TWI/TWI_program.o
 .text.TWI_MasterSendDataWithNack
                0x00000000       0x1c MCAL/TWI/TWI_program.o
 .text.TWI_MasterReceiveDataWithAck
                0x00000000       0x20 MCAL/TWI/TWI_program.o
 .text          0x00000000        0x0 MCAL/USART/USART_program.o
 .data          0x00000000        0x0 MCAL/USART/USART_program.o
 .bss           0x00000000        0x0 MCAL/USART/USART_program.o
 .text.USART_voidInit
                0x00000000       0x1c MCAL/USART/USART_program.o
 .text.USART_voidSendData
                0x00000000        0xc MCAL/USART/USART_program.o
 .text.USART_u8ReceiveData
                0x00000000        0xc MCAL/USART/USART_program.o
 .debug_info    0x00000000       0xed MCAL/USART/USART_program.o
 .debug_abbrev  0x00000000       0x80 MCAL/USART/USART_program.o
 .debug_loc     0x00000000       0x22 MCAL/USART/USART_program.o
 .debug_aranges
                0x00000000       0x30 MCAL/USART/USART_program.o
 .debug_ranges  0x00000000       0x20 MCAL/USART/USART_program.o
 .debug_line    0x00000000       0xe6 MCAL/USART/USART_program.o
 .debug_str     0x00000000      0x1e9 MCAL/USART/USART_program.o
 .comment       0x00000000       0x31 MCAL/USART/USART_program.o
 .debug_frame   0x00000000       0x44 MCAL/USART/USART_program.o
 .text          0x00000000        0x0 MCAL/WDT/WDT_program.o
 .data          0x00000000        0x0 MCAL/WDT/WDT_program.o
 .bss           0x00000000        0x0 MCAL/WDT/WDT_program.o
 .text.WDT_voidEnable
                0x00000000        0x8 MCAL/WDT/WDT_program.o
 .text.WDT_voidDisable
                0x00000000       0x10 MCAL/WDT/WDT_program.o
 .text.WDT_voidSleep
                0x00000000        0xe MCAL/WDT/WDT_program.o
 .debug_info    0x00000000      0x133 MCAL/WDT/WDT_program.o
 .debug_abbrev  0x00000000       0xc5 MCAL/WDT/WDT_program.o
 .debug_loc     0x00000000       0x21 MCAL/WDT/WDT_program.o
 .debug_aranges
                0x00000000       0x30 MCAL/WDT/WDT_program.o
 .debug_ranges  0x00000000       0x20 MCAL/WDT/WDT_program.o
 .debug_line    0x00000000       0xb6 MCAL/WDT/WDT_program.o
 .debug_str     0x00000000      0x1ed MCAL/WDT/WDT_program.o
 .comment       0x00000000       0x31 MCAL/WDT/WDT_program.o
 .debug_frame   0x00000000       0x44 MCAL/WDT/WDT_program.o
 .text          0x00000000        0x0 c:/program files (x86)/atmel/studio/7.0/toolchain/avr8/avr8-gnu-toolchain/bin/../lib/gcc/avr/5.4.0/avr5\libgcc.a(_divmodsi4.o)
 .data          0x00000000        0x0 c:/program files (x86)/atmel/studio/7.0/toolchain/avr8/avr8-gnu-toolchain/bin/../lib/gcc/avr/5.4.0/avr5\libgcc.a(_divmodsi4.o)
 .bss           0x00000000        0x0 c:/program files (x86)/atmel/studio/7.0/toolchain/avr8/avr8-gnu-toolchain/bin/../lib/gcc/avr/5.4.0/avr5\libgcc.a(_divmodsi4.o)
 .text.libgcc.mul
                0x00000000        0x0 c:/program files (x86)/atmel/studio/7.0/toolchain/avr8/avr8-gnu-toolchain/bin/../lib/gcc/avr/5.4.0/avr5\libgcc.a(_divmodsi4.o)
 .text.libgcc   0x00000000        0x0 c:/program files (x86)/atmel/studio/7.0/toolchain/avr8/avr8-gnu-toolchain/bin/../lib/gcc/avr/5.4.0/avr5\libgcc.a(_divmodsi4.o)
 .text.libgcc.prologue
                0x00000000        0x0 c:/program files (x86)/atmel/studio/7.0/toolchain/avr8/avr8-gnu-toolchain/bin/../lib/gcc/avr/5.4.0/avr5\libgcc.a(_divmodsi4.o)
 .text.libgcc.builtins
                0x00000000        0x0 c:/program files (x86)/atmel/studio/7.0/toolchain/avr8/avr8-gnu-toolchain/bin/../lib/gcc/avr/5.4.0/avr5\libgcc.a(_divmodsi4.o)
 .text.libgcc.fmul
                0x00000000        0x0 c:/program files (x86)/atmel/studio/7.0/toolchain/avr8/avr8-gnu-toolchain/bin/../lib/gcc/avr/5.4.0/avr5\libgcc.a(_divmodsi4.o)
 .text.libgcc.fixed
                0x00000000        0x0 c:/program files (x86)/atmel/studio/7.0/toolchain/avr8/avr8-gnu-toolchain/bin/../lib/gcc/avr/5.4.0/avr5\libgcc.a(_divmodsi4.o)
 .text          0x00000000        0x0 c:/program files (x86)/atmel/studio/7.0/toolchain/avr8/avr8-gnu-toolchain/bin/../lib/gcc/avr/5.4.0/avr5\libgcc.a(_negsi2.o)
 .data          0x00000000        0x0 c:/program files (x86)/atmel/studio/7.0/toolchain/avr8/avr8-gnu-toolchain/bin/../lib/gcc/avr/5.4.0/avr5\libgcc.a(_negsi2.o)
 .bss           0x00000000        0x0 c:/program files (x86)/atmel/studio/7.0/toolchain/avr8/avr8-gnu-toolchain/bin/../lib/gcc/avr/5.4.0/avr5\libgcc.a(_negsi2.o)
 .text.libgcc.mul
                0x00000000        0x0 c:/program files (x86)/atmel/studio/7.0/toolchain/avr8/avr8-gnu-toolchain/bin/../lib/gcc/avr/5.4.0/avr5\libgcc.a(_negsi2.o)
 .text.libgcc   0x00000000        0x0 c:/program files (x86)/atmel/studio/7.0/toolchain/avr8/avr8-gnu-toolchain/bin/../lib/gcc/avr/5.4.0/avr5\libgcc.a(_negsi2.o)
 .text.libgcc.prologue
                0x00000000        0x0 c:/program files (x86)/atmel/studio/7.0/toolchain/avr8/avr8-gnu-toolchain/bin/../lib/gcc/avr/5.4.0/avr5\libgcc.a(_negsi2.o)
 .text.libgcc.builtins
                0x00000000        0x0 c:/program files (x86)/atmel/studio/7.0/toolchain/avr8/avr8-gnu-toolchain/bin/../lib/gcc/avr/5.4.0/avr5\libgcc.a(_negsi2.o)
 .text.libgcc.fmul
                0x00000000        0x0 c:/program files (x86)/atmel/studio/7.0/toolchain/avr8/avr8-gnu-toolchain/bin/../lib/gcc/avr/5.4.0/avr5\libgcc.a(_negsi2.o)
 .text.libgcc.fixed
                0x00000000        0x0 c:/program files (x86)/atmel/studio/7.0/toolchain/avr8/avr8-gnu-toolchain/bin/../lib/gcc/avr/5.4.0/avr5\libgcc.a(_negsi2.o)
 .text          0x00000000        0x0 c:/program files (x86)/atmel/studio/7.0/toolchain/avr8/avr8-gnu-toolchain/bin/../lib/gcc/avr/5.4.0/avr5\libgcc.a(_exit.o)
 .data          0x00000000        0x0 c:/program files (x86)/atmel/studio/7.0/toolchain/avr8/avr8-gnu-toolchain/bin/../lib/gcc/avr/5.4.0/avr5\libgcc.a(_exit.o)
 .bss           0x00000000        0x0 c:/program files (x86)/atmel/studio/7.0/toolchain/avr8/avr8-gnu-toolchain/bin/../lib/gcc/avr/5.4.0/avr5\libgcc.a(_exit.o)
 .text.libgcc.mul
                0x00000000        0x0 c:/program files (x86)/atmel/studio/7.0/toolchain/avr8/avr8-gnu-toolchain/bin/../lib/gcc/avr/5.4.0/avr5\libgcc.a(_exit.o)
 .text.libgcc.div
                0x00000000        0x0 c:/program files (x86)/atmel/studio/7.0/toolchain/avr8/avr8-gnu-toolchain/bin/../lib/gcc/avr/5.4.0/avr5\libgcc.a(_exit.o)
 .text.libgcc   0x00000000        0x0 c:/program files (x86)/atmel/studio/7.0/toolchain/avr8/avr8-gnu-toolchain/bin/../lib/gcc/avr/5.4.0/avr5\libgcc.a(_exit.o)
 .text.libgcc.prologue
                0x00000000        0x0 c:/program files (x86)/atmel/studio/7.0/toolchain/avr8/avr8-gnu-toolchain/bin/../lib/gcc/avr/5.4.0/avr5\libgcc.a(_exit.o)
 .text.libgcc.builtins
                0x00000000        0x0 c:/program files (x86)/atmel/studio/7.0/toolchain/avr8/avr8-gnu-toolchain/bin/../lib/gcc/avr/5.4.0/avr5\libgcc.a(_exit.o)
 .text.libgcc.fmul
                0x00000000        0x0 c:/program files (x86)/atmel/studio/7.0/toolchain/avr8/avr8-gnu-toolchain/bin/../lib/gcc/avr/5.4.0/avr5\libgcc.a(_exit.o)
 .text.libgcc.fixed
                0x00000000        0x0 c:/program files (x86)/atmel/studio/7.0/toolchain/avr8/avr8-gnu-toolchain/bin/../lib/gcc/avr/5.4.0/avr5\libgcc.a(_exit.o)
 .text          0x00000000        0x0 c:/program files (x86)/atmel/studio/7.0/toolchain/avr8/avr8-gnu-toolchain/bin/../lib/gcc/avr/5.4.0/avr5\libgcc.a(_copy_data.o)
 .data          0x00000000        0x0 c:/program files (x86)/atmel/studio/7.0/toolchain/avr8/avr8-gnu-toolchain/bin/../lib/gcc/avr/5.4.0/avr5\libgcc.a(_copy_data.o)
 .bss           0x00000000        0x0 c:/program files (x86)/atmel/studio/7.0/toolchain/avr8/avr8-gnu-toolchain/bin/../lib/gcc/avr/5.4.0/avr5\libgcc.a(_copy_data.o)
 .text.libgcc.mul
                0x00000000        0x0 c:/program files (x86)/atmel/studio/7.0/toolchain/avr8/avr8-gnu-toolchain/bin/../lib/gcc/avr/5.4.0/avr5\libgcc.a(_copy_data.o)
 .text.libgcc.div
                0x00000000        0x0 c:/program files (x86)/atmel/studio/7.0/toolchain/avr8/avr8-gnu-toolchain/bin/../lib/gcc/avr/5.4.0/avr5\libgcc.a(_copy_data.o)
 .text.libgcc   0x00000000        0x0 c:/program files (x86)/atmel/studio/7.0/toolchain/avr8/avr8-gnu-toolchain/bin/../lib/gcc/avr/5.4.0/avr5\libgcc.a(_copy_data.o)
 .text.libgcc.prologue
                0x00000000        0x0 c:/program files (x86)/atmel/studio/7.0/toolchain/avr8/avr8-gnu-toolchain/bin/../lib/gcc/avr/5.4.0/avr5\libgcc.a(_copy_data.o)
 .text.libgcc.builtins
                0x00000000        0x0 c:/program files (x86)/atmel/studio/7.0/toolchain/avr8/avr8-gnu-toolchain/bin/../lib/gcc/avr/5.4.0/avr5\libgcc.a(_copy_data.o)
 .text.libgcc.fmul
                0x00000000        0x0 c:/program files (x86)/atmel/studio/7.0/toolchain/avr8/avr8-gnu-toolchain/bin/../lib/gcc/avr/5.4.0/avr5\libgcc.a(_copy_data.o)
 .text.libgcc.fixed
                0x00000000        0x0 c:/program files (x86)/atmel/studio/7.0/toolchain/avr8/avr8-gnu-toolchain/bin/../lib/gcc/avr/5.4.0/avr5\libgcc.a(_copy_data.o)
 .text          0x00000000        0x0 c:/program files (x86)/atmel/studio/7.0/toolchain/avr8/avr8-gnu-toolchain/bin/../lib/gcc/avr/5.4.0/avr5\libgcc.a(_clear_bss.o)
 .data          0x00000000        0x0 c:/program files (x86)/atmel/studio/7.0/toolchain/avr8/avr8-gnu-toolchain/bin/../lib/gcc/avr/5.4.0/avr5\libgcc.a(_clear_bss.o)
 .bss           0x00000000        0x0 c:/program files (x86)/atmel/studio/7.0/toolchain/avr8/avr8-gnu-toolchain/bin/../lib/gcc/avr/5.4.0/avr5\libgcc.a(_clear_bss.o)
 .text.libgcc.mul
                0x00000000        0x0 c:/program files (x86)/atmel/studio/7.0/toolchain/avr8/avr8-gnu-toolchain/bin/../lib/gcc/avr/5.4.0/avr5\libgcc.a(_clear_bss.o)
 .text.libgcc.div
                0x00000000        0x0 c:/program files (x86)/atmel/studio/7.0/toolchain/avr8/avr8-gnu-toolchain/bin/../lib/gcc/avr/5.4.0/avr5\libgcc.a(_clear_bss.o)
 .text.libgcc   0x00000000        0x0 c:/program files (x86)/atmel/studio/7.0/toolchain/avr8/avr8-gnu-toolchain/bin/../lib/gcc/avr/5.4.0/avr5\libgcc.a(_clear_bss.o)
 .text.libgcc.prologue
                0x00000000        0x0 c:/program files (x86)/atmel/studio/7.0/toolchain/avr8/avr8-gnu-toolchain/bin/../lib/gcc/avr/5.4.0/avr5\libgcc.a(_clear_bss.o)
 .text.libgcc.builtins
                0x00000000        0x0 c:/program files (x86)/atmel/studio/7.0/toolchain/avr8/avr8-gnu-toolchain/bin/../lib/gcc/avr/5.4.0/avr5\libgcc.a(_clear_bss.o)
 .text.libgcc.fmul
                0x00000000        0x0 c:/program files (x86)/atmel/studio/7.0/toolchain/avr8/avr8-gnu-toolchain/bin/../lib/gcc/avr/5.4.0/avr5\libgcc.a(_clear_bss.o)
 .text.libgcc.fixed
                0x00000000        0x0 c:/program files (x86)/atmel/studio/7.0/toolchain/avr8/avr8-gnu-toolchain/bin/../lib/gcc/avr/5.4.0/avr5\libgcc.a(_clear_bss.o)
 .text          0x00000000        0x0 c:/program files (x86)/atmel/studio/7.0/toolchain/avr8/avr8-gnu-toolchain/bin/../lib/gcc/avr/5.4.0/avr5\libgcc.a(_udivmodsi4.o)
 .data          0x00000000        0x0 c:/program files (x86)/atmel/studio/7.0/toolchain/avr8/avr8-gnu-toolchain/bin/../lib/gcc/avr/5.4.0/avr5\libgcc.a(_udivmodsi4.o)
 .bss           0x00000000        0x0 c:/program files (x86)/atmel/studio/7.0/toolchain/avr8/avr8-gnu-toolchain/bin/../lib/gcc/avr/5.4.0/avr5\libgcc.a(_udivmodsi4.o)
 .text.libgcc.mul
                0x00000000        0x0 c:/program files (x86)/atmel/studio/7.0/toolchain/avr8/avr8-gnu-toolchain/bin/../lib/gcc/avr/5.4.0/avr5\libgcc.a(_udivmodsi4.o)
 .text.libgcc   0x00000000        0x0 c:/program files (x86)/atmel/studio/7.0/toolchain/avr8/avr8-gnu-toolchain/bin/../lib/gcc/avr/5.4.0/avr5\libgcc.a(_udivmodsi4.o)
 .text.libgcc.prologue
                0x00000000        0x0 c:/program files (x86)/atmel/studio/7.0/toolchain/avr8/avr8-gnu-toolchain/bin/../lib/gcc/avr/5.4.0/avr5\libgcc.a(_udivmodsi4.o)
 .text.libgcc.builtins
                0x00000000        0x0 c:/program files (x86)/atmel/studio/7.0/toolchain/avr8/avr8-gnu-toolchain/bin/../lib/gcc/avr/5.4.0/avr5\libgcc.a(_udivmodsi4.o)
 .text.libgcc.fmul
                0x00000000        0x0 c:/program files (x86)/atmel/studio/7.0/toolchain/avr8/avr8-gnu-toolchain/bin/../lib/gcc/avr/5.4.0/avr5\libgcc.a(_udivmodsi4.o)
 .text.libgcc.fixed
                0x00000000        0x0 c:/program files (x86)/atmel/studio/7.0/toolchain/avr8/avr8-gnu-toolchain/bin/../lib/gcc/avr/5.4.0/avr5\libgcc.a(_udivmodsi4.o)

Memory Configuration

Name             Origin             Length             Attributes
text             0x00000000         0x00008000         xr
data             0x00800060         0x00000800         rw !x
eeprom           0x00810000         0x00000400         rw !x
fuse             0x00820000         0x00000002         rw !x
lock             0x00830000         0x00000400         rw !x
signature        0x00840000         0x00000400         rw !x
user_signatures  0x00850000         0x00000400         rw !x
*default*        0x00000000         0xffffffff

Linker script and memory map

LOAD C:/Program Files (x86)/Atmel/Studio/7.0/Packs/atmel/ATmega_DFP/1.6.364/gcc/dev/atmega32/avr5/crtatmega32.o
LOAD APP/main.o
LOAD HAL/CLCD/CLCD_program.o
LOAD HAL/DC/DC_program.o
LOAD HAL/EEPROM/EEPROM_program.o
LOAD HAL/KPD/KPD_program.o
LOAD MCAL/ADC/ADC_program.o
LOAD MCAL/DIO/DIO_program.o
LOAD MCAL/EXTI0/EXTI0_program.o
LOAD MCAL/GIE/GIE_program.o
LOAD MCAL/SPI/SPI_program.o
LOAD MCAL/TIMER0/TIMER0_program.o
LOAD MCAL/TIMER1/TIMER1_program.o
LOAD MCAL/TWI/TWI_program.o
LOAD MCAL/USART/USART_program.o
LOAD MCAL/WDT/WDT_program.o
START GROUP
LOAD c:/program files (x86)/atmel/studio/7.0/toolchain/avr8/avr8-gnu-toolchain/bin/../lib/gcc/avr/5.4.0/../../../../avr/lib/avr5\libm.a
END GROUP
START GROUP
LOAD c:/program files (x86)/atmel/studio/7.0/toolchain/avr8/avr8-gnu-toolchain/bin/../lib/gcc/avr/5.4.0/avr5\libgcc.a
LOAD c:/program files (x86)/atmel/studio/7.0/toolchain/avr8/avr8-gnu-toolchain/bin/../lib/gcc/avr/5.4.0/../../../../avr/lib/avr5\libm.a
LOAD c:/program files (x86)/atmel/studio/7.0/toolchain/avr8/avr8-gnu-toolchain/bin/../lib/gcc/avr/5.4.0/../../../../avr/lib/avr5\libc.a
LOAD C:/Program Files (x86)/Atmel/Studio/7.0/Packs/atmel/ATmega_DFP/1.6.364/gcc/dev/atmega32/avr5\libatmega32.a
END GROUP
                0x00000000                __TEXT_REGION_ORIGIN__ = DEFINED (__TEXT_REGION_ORIGIN__)?__TEXT_REGION_ORIGIN__:0x0
                [0x00800060]                __DATA_REGION_ORIGIN__ = DEFINED (__DATA_REGION_ORIGIN__)?__DATA_REGION_ORIGIN__:0x800060
                [0x00008000]                __TEXT_REGION_LENGTH__ = DEFINED (__TEXT_REGION_LENGTH__)?__TEXT_REGION_LENGTH__:0x20000
                [0x00000800]                __DATA_REGION_LENGTH__ = DEFINED (__DATA_REGION_LENGTH__)?__DATA_REGION_LENGTH__:0xffa0
                [0x00000400]                __EEPROM_REGION_LENGTH__ = DEFINED (__EEPROM_REGION_LENGTH__)?__EEPROM_REGION_LENGTH__:0x10000
                [0x00000002]                __FUSE_REGION_LENGTH__ = DEFINED (__FUSE_REGION_LENGTH__)?__FUSE_REGION_LENGTH__:0x400
                0x00000400                __LOCK_REGION_LENGTH__ = DEFINED (__LOCK_REGION_LENGTH__)?__LOCK_REGION_LENGTH__:0x400
                0x00000400                __SIGNATURE_REGION_LENGTH__ = DEFINED (__SIGNATURE_REGION_LENGTH__)?__SIGNATURE_REGION_LENGTH__:0x400
                0x00000400                __USER_SIGNATURE_REGION_LENGTH__ = DEFINED (__USER_SIGNATURE_REGION_LENGTH__)?__USER_SIGNATURE_REGION_LENGTH__:0x400

.hash
 *(.hash)

.dynsym
 *(.dynsym)

.dynstr
 *(.dynstr)

.gnu.version
 *(.gnu.version)

.gnu.version_d
 *(.gnu.version_d)

.gnu.version_r
 *(.gnu.version_r)

.rel.init
 *(.rel.init)

.rela.init
 *(.rela.init)

.rel.text
 *(.rel.text)
 *(.rel.text.*)
 *(.rel.gnu.linkonce.t*)

.rela.text
 *(.rela.text)
 *(.rela.text.*)
 *(.rela.gnu.linkonce.t*)

.rel.fini
 *(.rel.fini)

.rela.fini
 *(.rela.fini)

.rel.rodata
 *(.rel.rodata)
 *(.rel.rodata.*)
 *(.rel.gnu.linkonce.r*)

.rela.rodata
 *(.rela.rodata)
 *(.rela.rodata.*)
 *(.rela.gnu.linkonce.r*)

.rel.data
 *(.rel.data)
 *(.rel.data.*)
 *(.rel.gnu.linkonce.d*)

.rela.data
 *(.rela.data)
 *(.rela.data.*)
 *(.rela.gnu.linkonce.d*)

.rel.ctors
 *(.rel.ctors)

.rela.ctors
 *(.rela.ctors)

.rel.dtors
 *(.rel.dtors)

.rela.dtors
 *(.rela.dtors)

.rel.got
 *(.rel.got)

.rela.got
 *(.rela.got)

.rel.bss
 *(.rel.bss)

.rela.bss
 *(.rela.bss)

.rel.plt
 *(.rel.plt)

.rela.plt
 *(.rela.plt)

.text           0x00000000     0x166c
 *(.vectors)
 .vectors       0x00000000       0x54 C:/Program Files (x86)/Atmel/Studio/7.0/Packs/atmel/ATmega_DFP/1.6.364/gcc/dev/atmega32/avr5/crtatmega32.o
                0x00000000                __vector_default
                0x00000000                __vectors
 *(.vectors)
 *(.progmem.gcc*)
                0x00000054                . = ALIGN (0x2)
                0x00000054                __trampolines_start = .
 *(.trampolines)
 .trampolines   0x00000054        0x0 linker stubs
 *(.trampolines*)
                0x00000054                __trampolines_end = .
 *libprintf_flt.a:*(.progmem.data)
 *libc.a:*(.progmem.data)
 *(.progmem*)
                0x00000054                . = ALIGN (0x2)
 *(.jumptables)
 *(.jumptables*)
 *(.lowtext)
 *(.lowtext*)
                0x00000054                __ctors_start = .
 *(.ctors)
                0x00000054                __ctors_end = .
                0x00000054                __dtors_start = .
 *(.dtors)
                0x00000054                __dtors_end = .
 SORT(*)(.ctors)
 SORT(*)(.dtors)
 *(.init0)
 .init0         0x00000054        0x0 C:/Program Files (x86)/Atmel/Studio/7.0/Packs/atmel/ATmega_DFP/1.6.364/gcc/dev/atmega32/avr5/crtatmega32.o
                0x00000054                __init
 *(.init0)
 *(.init1)
 *(.init1)
 *(.init2)
 .init2         0x00000054        0xc C:/Program Files (x86)/Atmel/Studio/7.0/Packs/atmel/ATmega_DFP/1.6.364/gcc/dev/atmega32/avr5/crtatmega32.o
 *(.init2)
 *(.init3)
 *(.init3)
 *(.init4)
 .init4         0x00000060       0x16 c:/program files (x86)/atmel/studio/7.0/toolchain/avr8/avr8-gnu-toolchain/bin/../lib/gcc/avr/5.4.0/avr5\libgcc.a(_copy_data.o)
                0x00000060                __do_copy_data
 .init4         0x00000076       0x10 c:/program files (x86)/atmel/studio/7.0/toolchain/avr8/avr8-gnu-toolchain/bin/../lib/gcc/avr/5.4.0/avr5\libgcc.a(_clear_bss.o)
                0x00000076                __do_clear_bss
 *(.init4)
 *(.init5)
 *(.init5)
 *(.init6)
 *(.init6)
 *(.init7)
 *(.init7)
 *(.init8)
 *(.init8)
 *(.init9)
 .init9         0x00000086        0x8 C:/Program Files (x86)/Atmel/Studio/7.0/Packs/atmel/ATmega_DFP/1.6.364/gcc/dev/atmega32/avr5/crtatmega32.o
 *(.init9)
 *(.text)
 .text          0x0000008e        0x4 C:/Program Files (x86)/Atmel/Studio/7.0/Packs/atmel/ATmega_DFP/1.6.364/gcc/dev/atmega32/avr5/crtatmega32.o
                0x0000008e                __vector_12
                0x0000008e                __bad_interrupt
                0x0000008e                __vector_3
                0x0000008e                __vector_13
                0x0000008e                __vector_17
                0x0000008e                __vector_19
                0x0000008e                __vector_5
                0x0000008e                __vector_4
                0x0000008e                __vector_2
                0x0000008e                __vector_15
                0x0000008e                __vector_14
                0x0000008e                __vector_16
                0x0000008e                __vector_18
                0x0000008e                __vector_20
                0x00000092                . = ALIGN (0x2)
 *(.text.*)
 .text.firstLoginPage
                0x00000092      0x1de APP/main.o
                0x00000092                firstLoginPage
 .text.passwordCheck
                0x00000270      0x220 APP/main.o
                0x00000270                passwordCheck
 .text.loginMode
                0x00000490       0xb6 APP/main.o
                0x00000490                loginMode
 .text.room_control
                0x00000546      0x120 APP/main.o
                0x00000546                room_control
 .text.fan_control
                0x00000666       0xe8 APP/main.o
                0x00000666                fan_control
 .text.guestPage
                0x0000074e      0x150 APP/main.o
                0x0000074e                guestPage
 .text.adminPage
                0x0000089e      0x22c APP/main.o
                0x0000089e                adminPage
 .text.main     0x00000aca       0x9a APP/main.o
                0x00000aca                main
 .text.CLCD_voidSendCommand
                0x00000b64       0xcc HAL/CLCD/CLCD_program.o
                0x00000b64                CLCD_voidSendCommand
 .text.CLCD_voidSendCharacter
                0x00000c30       0xcc HAL/CLCD/CLCD_program.o
                0x00000c30                CLCD_voidSendCharacter
 .text.CLCD_voidInit
                0x00000cfc       0x38 HAL/CLCD/CLCD_program.o
                0x00000cfc                CLCD_voidInit
 .text.CLCD_voidSendString
                0x00000d34       0x26 HAL/CLCD/CLCD_program.o
                0x00000d34                CLCD_voidSendString
 .text.CLCD_voidClearDisplay
                0x00000d5a       0x14 HAL/CLCD/CLCD_program.o
                0x00000d5a                CLCD_voidClearDisplay
 .text.CLCD_voidMoveCursor
                0x00000d6e       0x12 HAL/CLCD/CLCD_program.o
                0x00000d6e                CLCD_voidMoveCursor
 .text.CLCD_voidSendNum
                0x00000d80       0xd4 HAL/CLCD/CLCD_program.o
                0x00000d80                CLCD_voidSendNum
 .text.CLCD_voidSendCharPosition
                0x00000e54       0x16 HAL/CLCD/CLCD_program.o
                0x00000e54                CLCD_voidSendCharPosition
 .text.CLCD_voidSendStringPosition
                0x00000e6a       0x1a HAL/CLCD/CLCD_program.o
                0x00000e6a                CLCD_voidSendStringPosition
 .text.EEPROM_voidWriteByte
                0x00000e84       0x3c HAL/EEPROM/EEPROM_program.o
                0x00000e84                EEPROM_voidWriteByte
 .text.EEPROM_voidReadByte
                0x00000ec0       0x4a HAL/EEPROM/EEPROM_program.o
                0x00000ec0                EEPROM_voidReadByte
 .text.KPD_voidInit
                0x00000f0a        0xa HAL/KPD/KPD_program.o
                0x00000f0a                KPD_voidInit
 .text.KPD_u8GetPressedKey
                0x00000f14       0xd0 HAL/KPD/KPD_program.o
                0x00000f14                KPD_u8GetPressedKey
 .text.ADC_voidInit
                0x00000fe4       0x26 MCAL/ADC/ADC_program.o
                0x00000fe4                ADC_voidInit
 .text.DIO_voidInit
                0x0000100a       0x1e MCAL/DIO/DIO_program.o
                0x0000100a                DIO_voidInit
 .text.DIO_u8SetPinValue
                0x00001028      0x114 MCAL/DIO/DIO_program.o
                0x00001028                DIO_u8SetPinValue
 .text.DIO_u8SetPortValue
                0x0000113c       0x32 MCAL/DIO/DIO_program.o
                0x0000113c                DIO_u8SetPortValue
 .text.DIO_u8GetPinValue
                0x0000116e       0x8c MCAL/DIO/DIO_program.o
                0x0000116e                DIO_u8GetPinValue
 .text.__vector_1
                0x000011fa       0x52 MCAL/EXTI0/EXTI0_program.o
                0x000011fa                __vector_1
 .text.SPI_voidInit
                0x0000124c       0x20 MCAL/SPI/SPI_program.o
                0x0000124c                SPI_voidInit
 .text.SPI_u8Transreceive
                0x0000126c        0xa MCAL/SPI/SPI_program.o
                0x0000126c                SPI_u8Transreceive
 .text.__vector_11
                0x00001276       0x82 MCAL/TIMER0/TIMER0_program.o
                0x00001276                __vector_11
 .text.__vector_10
                0x000012f8       0x82 MCAL/TIMER0/TIMER0_program.o
                0x000012f8                __vector_10
 .text.__vector_6
                0x0000137a       0x14 MCAL/TIMER1/TIMER1_program.o
                0x0000137a                __vector_6
 .text.__vector_7
                0x0000138e       0x82 MCAL/TIMER1/TIMER1_program.o
                0x0000138e                __vector_7
 .text.__vector_8
                0x00001410       0x82 MCAL/TIMER1/TIMER1_program.o
                0x00001410                __vector_8
 .text.__vector_9
                0x00001492       0x82 MCAL/TIMER1/TIMER1_program.o
                0x00001492                __vector_9
 .text.TWI_voidMasterInit
                0x00001514       0x1a MCAL/TWI/TWI_program.o
                0x00001514                TWI_voidMasterInit
 .text.TWI_SendStartCond
                0x0000152e       0x1a MCAL/TWI/TWI_program.o
                0x0000152e                TWI_SendStartCond
 .text.TWI_SendRepeatedStartCond
                0x00001548       0x1a MCAL/TWI/TWI_program.o
                0x00001548                TWI_SendRepeatedStartCond
 .text.TWI_SendSlaveAddressWithWrite
                0x00001562       0x1e MCAL/TWI/TWI_program.o
                0x00001562                TWI_SendSlaveAddressWithWrite
 .text.TWI_SendSlaveAddressWithRead
                0x00001580       0x20 MCAL/TWI/TWI_program.o
                0x00001580                TWI_SendSlaveAddressWithRead
 .text.TWI_MasterSendDataWithAck
                0x000015a0       0x1c MCAL/TWI/TWI_program.o
                0x000015a0                TWI_MasterSendDataWithAck
 .text.TWI_MasterReceiveDataWithNack
                0x000015bc       0x20 MCAL/TWI/TWI_program.o
                0x000015bc                TWI_MasterReceiveDataWithNack
 .text.TWI_SendStopCond
                0x000015dc        0x6 MCAL/TWI/TWI_program.o
                0x000015dc                TWI_SendStopCond
 .text.TWI_voidStop
                0x000015e2        0x4 MCAL/TWI/TWI_program.o
                0x000015e2                TWI_voidStop
 .text.libgcc.div
                0x000015e6       0x2e c:/program files (x86)/atmel/studio/7.0/toolchain/avr8/avr8-gnu-toolchain/bin/../lib/gcc/avr/5.4.0/avr5\libgcc.a(_divmodsi4.o)
                0x000015e6                __divmodsi4
 .text.libgcc.div
                0x00001614       0x10 c:/program files (x86)/atmel/studio/7.0/toolchain/avr8/avr8-gnu-toolchain/bin/../lib/gcc/avr/5.4.0/avr5\libgcc.a(_negsi2.o)
                0x00001614                __negsi2
 .text.libgcc.div
                0x00001624       0x44 c:/program files (x86)/atmel/studio/7.0/toolchain/avr8/avr8-gnu-toolchain/bin/../lib/gcc/avr/5.4.0/avr5\libgcc.a(_udivmodsi4.o)
                0x00001624                __udivmodsi4
                0x00001668                . = ALIGN (0x2)
 *(.fini9)
 .fini9         0x00001668        0x0 c:/program files (x86)/atmel/studio/7.0/toolchain/avr8/avr8-gnu-toolchain/bin/../lib/gcc/avr/5.4.0/avr5\libgcc.a(_exit.o)
                0x00001668                _exit
                0x00001668                exit
 *(.fini9)
 *(.fini8)
 *(.fini8)
 *(.fini7)
 *(.fini7)
 *(.fini6)
 *(.fini6)
 *(.fini5)
 *(.fini5)
 *(.fini4)
 *(.fini4)
 *(.fini3)
 *(.fini3)
 *(.fini2)
 *(.fini2)
 *(.fini1)
 *(.fini1)
 *(.fini0)
 .fini0         0x00001668        0x4 c:/program files (x86)/atmel/studio/7.0/toolchain/avr8/avr8-gnu-toolchain/bin/../lib/gcc/avr/5.4.0/avr5\libgcc.a(_exit.o)
 *(.fini0)
                0x0000166c                _etext = .

.data           0x00800060      0x1ba load address 0x0000166c
                0x00800060                PROVIDE (__data_start, .)
 *(.data)
 *(.data*)
 .data.passTries.1962
                0x00800060        0x1 APP/main.o
 .data.column   0x00800061        0x1 APP/main.o
                0x00800061                column
 *(.gnu.linkonce.d*)
 *(.rodata)
 .rodata        0x00800062       0x10 HAL/KPD/KPD_program.o
 *(.rodata*)
 .rodata.str1.1
                0x00800072      0x1a8 APP/main.o
                                0x1ac (size before relaxing)
 *(.gnu.linkonce.r*)
                0x0080021a                . = ALIGN (0x2)
                0x0080021a                _edata = .
                0x0080021a                PROVIDE (__data_end, .)

.bss            0x0080021a       0x22
                0x0080021a                PROVIDE (__bss_start, .)
 *(.bss)
 *(.bss*)
 .bss.passCounter
                0x0080021a        0x1 APP/main.o
                0x0080021a                passCounter
 .bss.EXTI0_pvCallBack
                0x0080021b        0x2 MCAL/EXTI0/EXTI0_program.o
 .bss.LS_Iterator.1694
                0x0080021d        0x2 MCAL/TIMER0/TIMER0_program.o
 .bss.LS_Iterator.1688
                0x0080021f        0x2 MCAL/TIMER0/TIMER0_program.o
 .bss.GlobalCtcPtrFunc
                0x00800221        0x2 MCAL/TIMER0/TIMER0_program.o
                0x00800221                GlobalCtcPtrFunc
 .bss.GlobalOvPtrFunc
                0x00800223        0x2 MCAL/TIMER0/TIMER0_program.o
                0x00800223                GlobalOvPtrFunc
 .bss.LS_Iterator.1701
                0x00800225        0x2 MCAL/TIMER1/TIMER1_program.o
 .bss.LS_Iterator.1695
                0x00800227        0x2 MCAL/TIMER1/TIMER1_program.o
 .bss.LS_Iterator.1689
                0x00800229        0x2 MCAL/TIMER1/TIMER1_program.o
 .bss.GlobalCtcPtrFuncCompB
                0x0080022b        0x2 MCAL/TIMER1/TIMER1_program.o
                0x0080022b                GlobalCtcPtrFuncCompB
 .bss.GlobalCtcPtrFuncCompA
                0x0080022d        0x2 MCAL/TIMER1/TIMER1_program.o
                0x0080022d                GlobalCtcPtrFuncCompA
 .bss.GlobalOvPtrFuncTimer1
                0x0080022f        0x2 MCAL/TIMER1/TIMER1_program.o
                0x0080022f                GlobalOvPtrFuncTimer1
 *(COMMON)
 COMMON         0x00800231        0x1 APP/main.o
                0x00800231                keyPressed
 COMMON         0x00800232        0x4 MCAL/TIMER0/TIMER0_program.o
                0x00800232                G_u16CtcCounts
                0x00800234                G_u16OvfCounts
 COMMON         0x00800236        0x6 MCAL/TIMER1/TIMER1_program.o
                0x00800236                G_u16CtcCountsCompA
                0x00800238                G_u16CtcCountsCompB
                0x0080023a                G_u16OvfCountsTimer1
                0x0080023c                PROVIDE (__bss_end, .)
                0x0000166c                __data_load_start = LOADADDR (.data)
                0x00001826                __data_load_end = (__data_load_start + SIZEOF (.data))

.noinit         0x0080023c        0x0
                [!provide]                PROVIDE (__noinit_start, .)
 *(.noinit*)
                [!provide]                PROVIDE (__noinit_end, .)
                0x0080023c                _end = .
                [!provide]                PROVIDE (__heap_start, .)

.eeprom         0x00810000        0x0
 *(.eeprom*)
                0x00810000                __eeprom_end = .

.fuse
 *(.fuse)
 *(.lfuse)
 *(.hfuse)
 *(.efuse)

.lock
 *(.lock*)

.signature
 *(.signature*)

.user_signatures
 *(.user_signatures*)

.stab
 *(.stab)

.stabstr
 *(.stabstr)

.stab.excl
 *(.stab.excl)

.stab.exclstr
 *(.stab.exclstr)

.stab.index
 *(.stab.index)

.stab.indexstr
 *(.stab.indexstr)

.comment        0x00000000       0x30
 *(.comment)
 .comment       0x00000000       0x30 APP/main.o
                                 0x31 (size before relaxing)
 .comment       0x00000030       0x31 HAL/CLCD/CLCD_program.o
 .comment       0x00000030       0x31 HAL/EEPROM/EEPROM_program.o
 .comment       0x00000030       0x31 HAL/KPD/KPD_program.o
 .comment       0x00000030       0x31 MCAL/ADC/ADC_program.o
 .comment       0x00000030       0x31 MCAL/DIO/DIO_program.o
 .comment       0x00000030       0x31 MCAL/EXTI0/EXTI0_program.o
 .comment       0x00000030       0x31 MCAL/SPI/SPI_program.o
 .comment       0x00000030       0x31 MCAL/TIMER0/TIMER0_program.o
 .comment       0x00000030       0x31 MCAL/TIMER1/TIMER1_program.o
 .comment       0x00000030       0x31 MCAL/TWI/TWI_program.o

.note.gnu.avr.deviceinfo
                0x00000000       0x3c
 .note.gnu.avr.deviceinfo
                0x00000000       0x3c C:/Program Files (x86)/Atmel/Studio/7.0/Packs/atmel/ATmega_DFP/1.6.364/gcc/dev/atmega32/avr5/crtatmega32.o

.note.gnu.build-id
 *(.note.gnu.build-id)

.debug
 *(.debug)

.line
 *(.line)

.debug_srcinfo
 *(.debug_srcinfo)

.debug_sfnames
 *(.debug_sfnames)

.debug_aranges  0x00000000      0x3b0
 *(.debug_aranges)
 .debug_aranges
                0x00000000       0x58 APP/main.o
 .debug_aranges
                0x00000058       0x78 HAL/CLCD/CLCD_program.o
 .debug_aranges
                0x000000d0       0x28 HAL/EEPROM/EEPROM_program.o
 .debug_aranges
                0x000000f8       0x28 HAL/KPD/KPD_program.o
 .debug_aranges
                0x00000120       0x28 MCAL/ADC/ADC_program.o
 .debug_aranges
                0x00000148       0x50 MCAL/DIO/DIO_program.o
 .debug_aranges
                0x00000198       0x48 MCAL/EXTI0/EXTI0_program.o
 .debug_aranges
                0x000001e0       0x28 MCAL/SPI/SPI_program.o
 .debug_aranges
                0x00000208       0x90 MCAL/TIMER0/TIMER0_program.o
 .debug_aranges
                0x00000298       0xa0 MCAL/TIMER1/TIMER1_program.o
 .debug_aranges
                0x00000338       0x78 MCAL/TWI/TWI_program.o

.debug_pubnames
 *(.debug_pubnames)

.debug_info     0x00000000     0x3dd0
 *(.debug_info .gnu.linkonce.wi.*)
 .debug_info    0x00000000      0x4e6 C:/Program Files (x86)/Atmel/Studio/7.0/Packs/atmel/ATmega_DFP/1.6.364/gcc/dev/atmega32/avr5/crtatmega32.o
 .debug_info    0x000004e6     0x1858 APP/main.o
 .debug_info    0x00001d3e      0xa81 HAL/CLCD/CLCD_program.o
 .debug_info    0x000027bf      0x2e4 HAL/EEPROM/EEPROM_program.o
 .debug_info    0x00002aa3      0x278 HAL/KPD/KPD_program.o
 .debug_info    0x00002d1b       0xcc MCAL/ADC/ADC_program.o
 .debug_info    0x00002de7      0x29b MCAL/DIO/DIO_program.o
 .debug_info    0x00003082      0x149 MCAL/EXTI0/EXTI0_program.o
 .debug_info    0x000031cb       0xc0 MCAL/SPI/SPI_program.o
 .debug_info    0x0000328b      0x3de MCAL/TIMER0/TIMER0_program.o
 .debug_info    0x00003669      0x42b MCAL/TIMER1/TIMER1_program.o
 .debug_info    0x00003a94      0x33c MCAL/TWI/TWI_program.o

.debug_abbrev   0x00000000     0x1029
 *(.debug_abbrev)
 .debug_abbrev  0x00000000      0x4a3 C:/Program Files (x86)/Atmel/Studio/7.0/Packs/atmel/ATmega_DFP/1.6.364/gcc/dev/atmega32/avr5/crtatmega32.o
 .debug_abbrev  0x000004a3      0x23d APP/main.o
 .debug_abbrev  0x000006e0      0x189 HAL/CLCD/CLCD_program.o
 .debug_abbrev  0x00000869      0x116 HAL/EEPROM/EEPROM_program.o
 .debug_abbrev  0x0000097f      0x16b HAL/KPD/KPD_program.o
 .debug_abbrev  0x00000aea       0x6f MCAL/ADC/ADC_program.o
 .debug_abbrev  0x00000b59       0xbd MCAL/DIO/DIO_program.o
 .debug_abbrev  0x00000c16       0xb5 MCAL/EXTI0/EXTI0_program.o
 .debug_abbrev  0x00000ccb       0x6d MCAL/SPI/SPI_program.o
 .debug_abbrev  0x00000d38       0xf6 MCAL/TIMER0/TIMER0_program.o
 .debug_abbrev  0x00000e2e      0x11d MCAL/TIMER1/TIMER1_program.o
 .debug_abbrev  0x00000f4b       0xde MCAL/TWI/TWI_program.o

.debug_line     0x00000000     0x2420
 *(.debug_line .debug_line.* .debug_line_end)
 .debug_line    0x00000000      0x116 C:/Program Files (x86)/Atmel/Studio/7.0/Packs/atmel/ATmega_DFP/1.6.364/gcc/dev/atmega32/avr5/crtatmega32.o
 .debug_line    0x00000116      0xb47 APP/main.o
 .debug_line    0x00000c5d      0x462 HAL/CLCD/CLCD_program.o
 .debug_line    0x000010bf      0x1e7 HAL/EEPROM/EEPROM_program.o
 .debug_line    0x000012a6      0x1ff HAL/KPD/KPD_program.o
 .debug_line    0x000014a5       0xd6 MCAL/ADC/ADC_program.o
 .debug_line    0x0000157b      0x425 MCAL/DIO/DIO_program.o
 .debug_line    0x000019a0      0x142 MCAL/EXTI0/EXTI0_program.o
 .debug_line    0x00001ae2       0xb6 MCAL/SPI/SPI_program.o
 .debug_line    0x00001b98      0x2be MCAL/TIMER0/TIMER0_program.o
 .debug_line    0x00001e56      0x2ed MCAL/TIMER1/TIMER1_program.o
 .debug_line    0x00002143      0x2dd MCAL/TWI/TWI_program.o

.debug_frame    0x00000000      0x998
 *(.debug_frame)
 .debug_frame   0x00000000      0x174 APP/main.o
 .debug_frame   0x00000174      0x15c HAL/CLCD/CLCD_program.o
 .debug_frame   0x000002d0       0x58 HAL/EEPROM/EEPROM_program.o
 .debug_frame   0x00000328       0x58 HAL/KPD/KPD_program.o
 .debug_frame   0x00000380       0x34 MCAL/ADC/ADC_program.o
 .debug_frame   0x000003b4       0x84 MCAL/DIO/DIO_program.o
 .debug_frame   0x00000438       0xbc MCAL/EXTI0/EXTI0_program.o
 .debug_frame   0x000004f4       0x34 MCAL/SPI/SPI_program.o
 .debug_frame   0x00000528      0x194 MCAL/TIMER0/TIMER0_program.o
 .debug_frame   0x000006bc      0x208 MCAL/TIMER1/TIMER1_program.o
 .debug_frame   0x000008c4       0xd4 MCAL/TWI/TWI_program.o

.debug_str      0x00000000     0x1147
 *(.debug_str)
 .debug_str     0x00000000      0x196 C:/Program Files (x86)/Atmel/Studio/7.0/Packs/atmel/ATmega_DFP/1.6.364/gcc/dev/atmega32/avr5/crtatmega32.o
 .debug_str     0x00000196      0x4ca APP/main.o
                                0x505 (size before relaxing)
 .debug_str     0x00000660      0x156 HAL/CLCD/CLCD_program.o
                                0x395 (size before relaxing)
 .debug_str     0x000007b6       0xf6 HAL/EEPROM/EEPROM_program.o
                                0x2eb (size before relaxing)
 .debug_str     0x000008ac       0x70 HAL/KPD/KPD_program.o
                                0x278 (size before relaxing)
 .debug_str     0x0000091c       0x3c MCAL/ADC/ADC_program.o
                                0x1c4 (size before relaxing)
 .debug_str     0x00000958       0xbc MCAL/DIO/DIO_program.o
                                0x28d (size before relaxing)
 .debug_str     0x00000a14       0xb9 MCAL/EXTI0/EXTI0_program.o
                                0x234 (size before relaxing)
 .debug_str     0x00000acd       0x1a MCAL/SPI/SPI_program.o
                                0x1c1 (size before relaxing)
 .debug_str     0x00000ae7      0x26a MCAL/TIMER0/TIMER0_program.o
                                0x400 (size before relaxing)
 .debug_str     0x00000d51      0x283 MCAL/TIMER1/TIMER1_program.o
                                0x460 (size before relaxing)
 .debug_str     0x00000fd4      0x173 MCAL/TWI/TWI_program.o
                                0x3da (size before relaxing)

.debug_loc      0x00000000     0x270c
 *(.debug_loc)
 .debug_loc     0x00000000      0xd08 APP/main.o
 .debug_loc     0x00000d08      0x823 HAL/CLCD/CLCD_program.o
 .debug_loc     0x0000152b      0x1c3 HAL/EEPROM/EEPROM_program.o
 .debug_loc     0x000016ee      0x12a HAL/KPD/KPD_program.o
 .debug_loc     0x00001818       0x21 MCAL/ADC/ADC_program.o
 .debug_loc     0x00001839      0x581 MCAL/DIO/DIO_program.o
 .debug_loc     0x00001dba      0x137 MCAL/EXTI0/EXTI0_program.o
 .debug_loc     0x00001ef1       0x1f MCAL/SPI/SPI_program.o
 .debug_loc     0x00001f10      0x250 MCAL/TIMER0/TIMER0_program.o
 .debug_loc     0x00002160      0x326 MCAL/TIMER1/TIMER1_program.o
 .debug_loc     0x00002486      0x286 MCAL/TWI/TWI_program.o

.debug_macinfo
 *(.debug_macinfo)

.debug_weaknames
 *(.debug_weaknames)

.debug_funcnames
 *(.debug_funcnames)

.debug_typenames
 *(.debug_typenames)

.debug_varnames
 *(.debug_varnames)

.debug_pubtypes
 *(.debug_pubtypes)

.debug_ranges   0x00000000      0x330
 *(.debug_ranges)
 .debug_ranges  0x00000000       0x60 APP/main.o
 .debug_ranges  0x00000060       0x68 HAL/CLCD/CLCD_program.o
 .debug_ranges  0x000000c8       0x18 HAL/EEPROM/EEPROM_program.o
 .debug_ranges  0x000000e0       0x30 HAL/KPD/KPD_program.o
 .debug_ranges  0x00000110       0x18 MCAL/ADC/ADC_program.o
 .debug_ranges  0x00000128       0x40 MCAL/DIO/DIO_program.o
 .debug_ranges  0x00000168       0x38 MCAL/EXTI0/EXTI0_program.o
 .debug_ranges  0x000001a0       0x18 MCAL/SPI/SPI_program.o
 .debug_ranges  0x000001b8       0x80 MCAL/TIMER0/TIMER0_program.o
 .debug_ranges  0x00000238       0x90 MCAL/TIMER1/TIMER1_program.o
 .debug_ranges  0x000002c8       0x68 MCAL/TWI/TWI_program.o

.debug_macro
 *(.debug_macro)
OUTPUT(SmartHome.elf elf32-avr)
LOAD linker stubs
